Dump	any2tree
Return	[`item ("1", ["NIL"]), `item ("2", ["\"a\""]), `item ("3", ["`a"]), `item ("4", ["1"]), `item ("5", [`item ("1", [])]), `item ("6", [`item ("1", ["2"])])]
Dump	any2items
Return	["NIL"]
Return	["\"a\""]
Return	["`a"]
Return	["1"]
Return	[`item ("1", [])]
Return	[`item ("1", ["2"])]
Return	[`item ("1", ["NIL"]), `item ("2", ["\"a\""]), `item ("3", ["`a"]), `item ("4", ["1"]), `item ("5", [`item ("1", [])]), `item ("6", [`item ("1", ["2"])])]
